/stages/FondInsa.jpg (11 hits)
/temps/4IF17.html (10 hits)
/temps/4IF20.html (9 hits)
/temps/precedent.gif (8 hits)
/temps/4IF16.html (7 hits)
/temps/3IF37.html (6 hits)
/temps/3IF38.html (5 hits)
/temps/style_emploi_du_temps.css (4 hits)
/temps/4IF18.html (3 hits)
/temps/InsaIF.ico (2 hits)
