/page2.html (2 hits)
/image.jpg (1 hits)
/page3.html (1 hits)
