/image.jpg (4 hits)
/page2.html (3 hits)
/page3.html (2 hits)
/page1.html (1 hits)
